This is pdfTeX, Version 3.141592653-2.6-1.40.29 (TeX Live 2026) (preloaded format=pdflatex 2026.3.31)  7 MAY 2026 11:35
entering extended mode
 restricted \write18 enabled.
 %&-line parsing enabled.
**Rapport.tex
(./Rapport.tex
LaTeX2e <2025-11-01>
L3 programming layer <2026-01-19>
(/home/onyxia/.TinyTeX/texmf-dist/tex/latex/base/report.cls
Document Class: report 2025/01/22 v1.4n Standard LaTeX document class
(/home/onyxia/.TinyTeX/texmf-dist/tex/latex/base/size11.clo
File: size11.clo 2025/01/22 v1.4n Standard LaTeX file (size option)
)
\c@part=\count275
\c@chapter=\count276
\c@section=\count277
\c@subsection=\count278
\c@subsubsection=\count279
\c@paragraph=\count280
\c@subparagraph=\count281
\c@figure=\count282
\c@table=\count283
\abovecaptionskip=\skip49
\belowcaptionskip=\skip50
\bibindent=\dimen148
) (/home/onyxia/.TinyTeX/texmf-dist/tex/latex/xcolor/xcolor.sty
Package: xcolor 2024/09/29 v3.02 LaTeX color extensions (UK)
(/home/onyxia/.TinyTeX/texmf-dist/tex/latex/graphics-cfg/color.cfg
File: color.cfg 2016/01/02 v1.6 sample color configuration
)
Package xcolor Info: Driver file: pdftex.def on input line 274.
(/home/onyxia/.TinyTeX/texmf-dist/tex/latex/graphics-def/pdftex.def
File: pdftex.def 2025/09/29 v1.2d Graphics/color driver for pdftex
) (/home/onyxia/.TinyTeX/texmf-dist/tex/latex/graphics/mathcolor.ltx)
Package xcolor Info: Model `cmy' substituted by `cmy0' on input line 1349.
Package xcolor Info: Model `hsb' substituted by `rgb' on input line 1353.
Package xcolor Info: Model `RGB' extended on input line 1365.
Package xcolor Info: Model `HTML' substituted by `rgb' on input line 1367.
Package xcolor Info: Model `Hsb' substituted by `hsb' on input line 1368.
Package xcolor Info: Model `tHsb' substituted by `hsb' on input line 1369.
Package xcolor Info: Model `HSB' substituted by `hsb' on input line 1370.
Package xcolor Info: Model `Gray' substituted by `gray' on input line 1371.
Package xcolor Info: Model `wave' substituted by `hsb' on input line 1372.
) (/home/onyxia/.TinyTeX/texmf-dist/tex/latex/graphics/dvipsnam.def
File: dvipsnam.def 2016/06/17 v3.0m Driver-dependent file (DPC,SPQR)
) (/home/onyxia/.TinyTeX/texmf-dist/tex/latex/xcolor/svgnam.def
File: svgnam.def 2024/09/29 v3.02 Predefined colors according to SVG 1.1 (UK)
) (/home/onyxia/.TinyTeX/texmf-dist/tex/latex/xcolor/x11nam.def
File: x11nam.def 2024/09/29 v3.02 Predefined colors according to Unix/X11 (UK)
) (/home/onyxia/.TinyTeX/texmf-dist/tex/latex/geometry/geometry.sty
Package: geometry 2026/03/07 v6.0 Page Geometry
(/home/onyxia/.TinyTeX/texmf-dist/tex/latex/graphics/keyval.sty
Package: keyval 2022/05/29 v1.15 key=value parser (DPC)
\KV@toks@=\toks17
) (/home/onyxia/.TinyTeX/texmf-dist/tex/generic/iftex/ifvtex.sty
Package: ifvtex 2019/10/25 v1.7 ifvtex legacy package. Use iftex instead.
(/home/onyxia/.TinyTeX/texmf-dist/tex/generic/iftex/iftex.sty
Package: iftex 2024/12/12 v1.0g TeX engine tests
))
\Gm@cnth=\count284
\Gm@cntv=\count285
\c@Gm@tempcnt=\count286
\Gm@bindingoffset=\dimen149
\Gm@wd@mp=\dimen150
\Gm@odd@mp=\dimen151
\Gm@even@mp=\dimen152
\Gm@layoutwidth=\dimen153
\Gm@layoutheight=\dimen154
\Gm@layouthoffset=\dimen155
\Gm@layoutvoffset=\dimen156
\Gm@dimlist=\toks18
) (/home/onyxia/.TinyTeX/texmf-dist/tex/latex/amsmath/amsmath.sty
Package: amsmath 2025/07/09 v2.17z AMS math features
\@mathmargin=\skip51
For additional information on amsmath, use the `?' option.
(/home/onyxia/.TinyTeX/texmf-dist/tex/latex/amsmath/amstext.sty
Package: amstext 2024/11/17 v2.01 AMS text
(/home/onyxia/.TinyTeX/texmf-dist/tex/latex/amsmath/amsgen.sty
File: amsgen.sty 1999/11/30 v2.0 generic functions
\@emptytoks=\toks19
\ex@=\dimen157
)) (/home/onyxia/.TinyTeX/texmf-dist/tex/latex/amsmath/amsbsy.sty
Package: amsbsy 1999/11/29 v1.2d Bold Symbols
\pmbraise@=\dimen158
) (/home/onyxia/.TinyTeX/texmf-dist/tex/latex/amsmath/amsopn.sty
Package: amsopn 2022/04/08 v2.04 operator names
)
\inf@bad=\count287
LaTeX Info: Redefining \frac on input line 233.
\uproot@=\count288
\leftroot@=\count289
LaTeX Info: Redefining \overline on input line 398.
LaTeX Info: Redefining \colon on input line 409.
\classnum@=\count290
\DOTSCASE@=\count291
LaTeX Info: Redefining \ldots on input line 495.
LaTeX Info: Redefining \dots on input line 498.
LaTeX Info: Redefining \cdots on input line 619.
\Mathstrutbox@=\box53
\strutbox@=\box54
LaTeX Info: Redefining \big on input line 721.
LaTeX Info: Redefining \Big on input line 722.
LaTeX Info: Redefining \bigg on input line 723.
LaTeX Info: Redefining \Bigg on input line 724.
\big@size=\dimen159
LaTeX Font Info:    Redeclaring font encoding OML on input line 742.
LaTeX Font Info:    Redeclaring font encoding OMS on input line 743.
\macc@depth=\count292
LaTeX Info: Redefining \bmod on input line 904.
LaTeX Info: Redefining \pmod on input line 909.
LaTeX Info: Redefining \smash on input line 939.
LaTeX Info: Redefining \relbar on input line 969.
LaTeX Info: Redefining \Relbar on input line 970.
\c@MaxMatrixCols=\count293
\dotsspace@=\muskip17
\c@parentequation=\count294
\dspbrk@lvl=\count295
\tag@help=\toks20
\row@=\count296
\column@=\count297
\maxfields@=\count298
\andhelp@=\toks21
\eqnshift@=\dimen160
\alignsep@=\dimen161
\tagshift@=\dimen162
\tagwidth@=\dimen163
\totwidth@=\dimen164
\lineht@=\dimen165
\@envbody=\toks22
\multlinegap=\skip52
\multlinetaggap=\skip53
\mathdisplay@stack=\toks23
LaTeX Info: Redefining \[ on input line 2950.
LaTeX Info: Redefining \] on input line 2951.
) (/home/onyxia/.TinyTeX/texmf-dist/tex/latex/amsfonts/amssymb.sty
Package: amssymb 2013/01/14 v3.01 AMS font symbols
(/home/onyxia/.TinyTeX/texmf-dist/tex/latex/amsfonts/amsfonts.sty
Package: amsfonts 2013/01/14 v3.01 Basic AMSFonts support
\symAMSa=\mathgroup4
\symAMSb=\mathgroup5
LaTeX Font Info:    Redeclaring math symbol \hbar on input line 98.
LaTeX Font Info:    Overwriting math alphabet `\mathfrak' in version `bold'
(Font)                  U/euf/m/n --> U/euf/b/n on input line 106.
)) (/home/onyxia/.TinyTeX/texmf-dist/tex/latex/base/fontenc.sty
Package: fontenc 2025/07/18 v2.1d Standard LaTeX package
) (/home/onyxia/.TinyTeX/texmf-dist/tex/latex/base/inputenc.sty
Package: inputenc 2024/02/08 v1.3d Input encoding file
\inpenc@prehook=\toks24
\inpenc@posthook=\toks25
) (/home/onyxia/.TinyTeX/texmf-dist/tex/latex/base/textcomp.sty
Package: textcomp 2024/04/24 v2.1b Standard LaTeX package
) (/home/onyxia/.TinyTeX/texmf-dist/tex/latex/lm/lmodern.sty
Package: lmodern 2015/05/01 v1.6.1 Latin Modern Fonts
LaTeX Font Info:    Overwriting symbol font `operators' in version `normal'
(Font)                  OT1/cmr/m/n --> OT1/lmr/m/n on input line 22.
LaTeX Font Info:    Overwriting symbol font `letters' in version `normal'
(Font)                  OML/cmm/m/it --> OML/lmm/m/it on input line 23.
LaTeX Font Info:    Overwriting symbol font `symbols' in version `normal'
(Font)                  OMS/cmsy/m/n --> OMS/lmsy/m/n on input line 24.
LaTeX Font Info:    Overwriting symbol font `largesymbols' in version `normal'
(Font)                  OMX/cmex/m/n --> OMX/lmex/m/n on input line 25.
LaTeX Font Info:    Overwriting symbol font `operators' in version `bold'
(Font)                  OT1/cmr/bx/n --> OT1/lmr/bx/n on input line 26.
LaTeX Font Info:    Overwriting symbol font `letters' in version `bold'
(Font)                  OML/cmm/b/it --> OML/lmm/b/it on input line 27.
LaTeX Font Info:    Overwriting symbol font `symbols' in version `bold'
(Font)                  OMS/cmsy/b/n --> OMS/lmsy/b/n on input line 28.
LaTeX Font Info:    Overwriting symbol font `largesymbols' in version `bold'
(Font)                  OMX/cmex/m/n --> OMX/lmex/m/n on input line 29.
LaTeX Font Info:    Overwriting math alphabet `\mathbf' in version `normal'
(Font)                  OT1/cmr/bx/n --> OT1/lmr/bx/n on input line 31.
LaTeX Font Info:    Overwriting math alphabet `\mathsf' in version `normal'
(Font)                  OT1/cmss/m/n --> OT1/lmss/m/n on input line 32.
LaTeX Font Info:    Overwriting math alphabet `\mathit' in version `normal'
(Font)                  OT1/cmr/m/it --> OT1/lmr/m/it on input line 33.
LaTeX Font Info:    Overwriting math alphabet `\mathtt' in version `normal'
(Font)                  OT1/cmtt/m/n --> OT1/lmtt/m/n on input line 34.
LaTeX Font Info:    Overwriting math alphabet `\mathbf' in version `bold'
(Font)                  OT1/cmr/bx/n --> OT1/lmr/bx/n on input line 35.
LaTeX Font Info:    Overwriting math alphabet `\mathsf' in version `bold'
(Font)                  OT1/cmss/bx/n --> OT1/lmss/bx/n on input line 36.
LaTeX Font Info:    Overwriting math alphabet `\mathit' in version `bold'
(Font)                  OT1/cmr/bx/it --> OT1/lmr/bx/it on input line 37.
LaTeX Font Info:    Overwriting math alphabet `\mathtt' in version `bold'
(Font)                  OT1/cmtt/m/n --> OT1/lmtt/m/n on input line 38.
) (/home/onyxia/.TinyTeX/texmf-dist/tex/latex/upquote/upquote.sty
Package: upquote 2012/04/19 v1.3 upright-quote and grave-accent glyphs in verbatim
) (/home/onyxia/.TinyTeX/texmf-dist/tex/latex/microtype/microtype.sty
Package: microtype 2026/03/01 v3.2d Micro-typographical refinements (RS)
(/home/onyxia/.TinyTeX/texmf-dist/tex/latex/etoolbox/etoolbox.sty
Package: etoolbox 2025/10/02 v2.5m e-TeX tools for LaTeX (JAW)
\etb@tempcnta=\count299
)
\MT@toks=\toks26
\MT@tempbox=\box55
\MT@count=\count300
LaTeX Info: Redefining \noprotrusionifhmode on input line 1084.
LaTeX Info: Redefining \leftprotrusion on input line 1085.
\MT@prot@toks=\toks27
LaTeX Info: Redefining \rightprotrusion on input line 1104.
LaTeX Info: Redefining \textls on input line 1449.
\MT@outer@kern=\dimen166
LaTeX Info: Redefining \microtypecontext on input line 2053.
LaTeX Info: Redefining \textmicrotypecontext on input line 2070.
\MT@listname@count=\count301
(/home/onyxia/.TinyTeX/texmf-dist/tex/latex/microtype/microtype-pdftex.def
File: microtype-pdftex.def 2026/03/01 v3.2d Definitions specific to pdftex (RS)
LaTeX Info: Redefining \lsstyle on input line 944.
LaTeX Info: Redefining \lslig on input line 944.
\MT@outer@space=\skip54
)
Package microtype Info: Loading configuration file microtype.cfg.
(/home/onyxia/.TinyTeX/texmf-dist/tex/latex/microtype/microtype.cfg
File: microtype.cfg 2026/03/01 v3.2d microtype main configuration file (RS)
)
LaTeX Info: Redefining \microtypesetup on input line 3065.
) (/home/onyxia/.TinyTeX/texmf-dist/tex/latex/parskip/parskip.sty
Package: parskip 2021-03-14 v2.0h non-zero parskip adjustments
(/home/onyxia/.TinyTeX/texmf-dist/tex/latex/kvoptions/kvoptions.sty
Package: kvoptions 2022-06-15 v3.15 Key value format for package options (HO)
(/home/onyxia/.TinyTeX/texmf-dist/tex/generic/ltxcmds/ltxcmds.sty
Package: ltxcmds 2023-12-04 v1.26 LaTeX kernel commands for general use (HO)
) (/home/onyxia/.TinyTeX/texmf-dist/tex/latex/kvsetkeys/kvsetkeys.sty
Package: kvsetkeys 2022-10-05 v1.19 Key value parser (HO)
))) (/home/onyxia/.TinyTeX/texmf-dist/tex/latex/tools/longtable.sty
Package: longtable 2025-10-13 v4.24 Multi-page Table package (DPC)
\LTleft=\skip55
\LTright=\skip56
\LTpre=\skip57
\LTpost=\skip58
\LTchunksize=\count302
\LTcapwidth=\dimen167
\LT@head=\box56
\LT@firsthead=\box57
\LT@foot=\box58
\LT@lastfoot=\box59
\LT@gbox=\box60
\LT@cols=\count303
\LT@rows=\count304
\c@LT@tables=\count305
\c@LT@chunks=\count306
\LT@p@ftn=\toks28
) (/home/onyxia/.TinyTeX/texmf-dist/tex/latex/booktabs/booktabs.sty
Package: booktabs 2020/01/12 v1.61803398 Publication quality tables
\heavyrulewidth=\dimen168
\lightrulewidth=\dimen169
\cmidrulewidth=\dimen170
\belowrulesep=\dimen171
\belowbottomsep=\dimen172
\aboverulesep=\dimen173
\abovetopsep=\dimen174
\cmidrulesep=\dimen175
\cmidrulekern=\dimen176
\defaultaddspace=\dimen177
\@cmidla=\count307
\@cmidlb=\count308
\@aboverulesep=\dimen178
\@belowrulesep=\dimen179
\@thisruleclass=\count309
\@lastruleclass=\count310
\@thisrulewidth=\dimen180
) (/home/onyxia/.TinyTeX/texmf-dist/tex/latex/tools/array.sty
Package: array 2025/09/25 v2.6n Tabular extension package (FMi)
\col@sep=\dimen181
\ar@mcellbox=\box61
\extrarowheight=\dimen182
\NC@list=\toks29
\extratabsurround=\skip59
\backup@length=\skip60
\ar@cellbox=\box62
)
\c@none=\count311
(/home/onyxia/.TinyTeX/texmf-dist/tex/latex/tools/calc.sty
Package: calc 2025/03/01 v4.3b Infix arithmetic (KKT,FJ)
\calc@Acount=\count312
\calc@Bcount=\count313
\calc@Adimen=\dimen183
\calc@Bdimen=\dimen184
\calc@Askip=\skip61
\calc@Bskip=\skip62
LaTeX Info: Redefining \setlength on input line 86.
LaTeX Info: Redefining \addtolength on input line 87.
\calc@Ccount=\count314
\calc@Cskip=\skip63
) (/home/onyxia/.TinyTeX/texmf-dist/tex/latex/mdwtools/footnote.sty
Package: footnote 1997/01/28 1.13 Save footnotes around boxes
\fn@notes=\box63
\fn@width=\dimen185
) (/home/onyxia/.TinyTeX/texmf-dist/tex/latex/graphics/graphicx.sty
Package: graphicx 2024/12/31 v1.2e Enhanced LaTeX Graphics (DPC,SPQR)
(/home/onyxia/.TinyTeX/texmf-dist/tex/latex/graphics/graphics.sty
Package: graphics 2024/08/06 v1.4g Standard LaTeX Graphics (DPC,SPQR)
(/home/onyxia/.TinyTeX/texmf-dist/tex/latex/graphics/trig.sty
Package: trig 2023/12/02 v1.11 sin cos tan (DPC)
) (/home/onyxia/.TinyTeX/texmf-dist/tex/latex/graphics-cfg/graphics.cfg
File: graphics.cfg 2016/06/04 v1.11 sample graphics configuration
)
Package graphics Info: Driver file: pdftex.def on input line 106.
)
\Gin@req@height=\dimen186
\Gin@req@width=\dimen187
)
\pandoc@box=\box64
(/home/onyxia/.TinyTeX/texmf-dist/tex/generic/babel/babel.sty
Package: babel 2026/03/24 v26.5 The multilingual framework for LuaLaTeX, pdfLaTeX and XeLaTeX
\babel@savecnt=\count315
LaTeX Encoding Info:    Redeclaring text command \ij (encoding OT1) on input line 2078.
LaTeX Encoding Info:    Redeclaring text command \IJ (encoding OT1) on input line 2080.
LaTeX Encoding Info:    Redeclaring text command \ij (encoding T1) on input line 2082.
LaTeX Encoding Info:    Redeclaring text command \IJ (encoding T1) on input line 2083.
LaTeX Encoding Info:    Ignoring declaration for text command \ij (encoding ?) on input line 2084.
LaTeX Encoding Info:    Ignoring declaration for text command \IJ (encoding ?) on input line 2086.
LaTeX Encoding Info:    Ignoring declaration for text command \SS (encoding ?) on input line 2111.
\U@D=\dimen188
\l@unhyphenated=\language6
(/home/onyxia/.TinyTeX/texmf-dist/tex/generic/babel/txtbabel.def)
\bbl@readstream=\read2
\bbl@dirlevel=\count316
(/home/onyxia/.TinyTeX/texmf-dist/tex/generic/babel/locale/fr/babel-french.tex)
Package babel Info: Importing font and identification data for french
(babel)             from babel-fr.ini. Reported on input line 4330.
(/home/onyxia/.TinyTeX/texmf-dist/tex/generic/babel-french/french.ldf
Language: french 2025-08-15 v4.0e French support from the babel system
(/home/onyxia/.TinyTeX/texmf-dist/tex/generic/babel-french/french3.ldf
Language: french 2025-08-15 v3.7e French support from the babel system
\FB@stdchar=\count317
\FBguill@level=\count318
\FBold@everypar=\toks30
\FB@Mht=\dimen189
\mc@charclass=\count319
\mc@charfam=\count320
\mc@charslot=\count321
\std@mcc=\count322
\dec@mcc=\count323
\FB@pardim=\dimen190
\listindentFB=\dimen191
\descindentFB=\dimen192
\labelindentFB=\dimen193
\labelwidthFB=\dimen194
\leftmarginFB=\dimen195
\parindentFFN=\dimen196
\FBfnindent=\dimen197
))) (/home/onyxia/.TinyTeX/texmf-dist/tex/latex/carlisle/scalefnt.sty) (/home/onyxia/.TinyTeX/texmf-dist/tex/latex/fancyhdr/fancyhdr.sty
Package: fancyhdr 2025/02/07 v5.2 Extensive control of page headers and footers
\f@nch@headwidth=\skip64
\f@nch@offset@elh=\skip65
\f@nch@offset@erh=\skip66
\f@nch@offset@olh=\skip67
\f@nch@offset@orh=\skip68
\f@nch@offset@elf=\skip69
\f@nch@offset@erf=\skip70
\f@nch@offset@olf=\skip71
\f@nch@offset@orf=\skip72
\f@nch@height=\skip73
\f@nch@footalignment=\skip74
\f@nch@widthL=\skip75
\f@nch@widthC=\skip76
\f@nch@widthR=\skip77
\@temptokenb=\toks31
) (/home/onyxia/.TinyTeX/texmf-dist/tex/latex/tcolorbox/tcolorbox.sty
Package: tcolorbox 2025/11/28 version 6.9.0 text color boxes
(/home/onyxia/.TinyTeX/texmf-dist/tex/latex/pgf/frontendlayer/tikz.sty (/home/onyxia/.TinyTeX/texmf-dist/tex/latex/pgf/basiclayer/pgf.sty (/home/onyxia/.TinyTeX/texmf-dist/tex/latex/pgf/utilities/pgfrcs.sty (/home/onyxia/.TinyTeX/texmf-dist/tex/generic/pgf/utilities/pgfutil-common.tex
\pgfutil@everybye=\toks32
\pgfutil@tempdima=\dimen198
\pgfutil@tempdimb=\dimen199
) (/home/onyxia/.TinyTeX/texmf-dist/tex/generic/pgf/utilities/pgfutil-latex.def
\pgfutil@abb=\box65
) (/home/onyxia/.TinyTeX/texmf-dist/tex/generic/pgf/utilities/pgfrcs.code.tex (/home/onyxia/.TinyTeX/texmf-dist/tex/generic/pgf/pgf.revision.tex)
Package: pgfrcs 2025-08-29 v3.1.11a (3.1.11a)
))
Package: pgf 2025-08-29 v3.1.11a (3.1.11a)
(/home/onyxia/.TinyTeX/texmf-dist/tex/latex/pgf/basiclayer/pgfcore.sty (/home/onyxia/.TinyTeX/texmf-dist/tex/latex/pgf/systemlayer/pgfsys.sty (/home/onyxia/.TinyTeX/texmf-dist/tex/generic/pgf/systemlayer/pgfsys.code.tex
Package: pgfsys 2025-08-29 v3.1.11a (3.1.11a)
(/home/onyxia/.TinyTeX/texmf-dist/tex/generic/pgf/utilities/pgfkeys.code.tex
\pgfkeys@pathtoks=\toks33
\pgfkeys@temptoks=\toks34
(/home/onyxia/.TinyTeX/texmf-dist/tex/generic/pgf/utilities/pgfkeyslibraryfiltered.code.tex
\pgfkeys@tmptoks=\toks35
))
\pgf@x=\dimen256
\pgf@y=\dimen257
\pgf@xa=\dimen258
\pgf@ya=\dimen259
\pgf@xb=\dimen260
\pgf@yb=\dimen261
\pgf@xc=\dimen262
\pgf@yc=\dimen263
\pgf@xd=\dimen264
\pgf@yd=\dimen265
\w@pgf@writea=\write3
\r@pgf@reada=\read3
\c@pgf@counta=\count324
\c@pgf@countb=\count325
\c@pgf@countc=\count326
\c@pgf@countd=\count327
\t@pgf@toka=\toks36
\t@pgf@tokb=\toks37
\t@pgf@tokc=\toks38
\pgf@sys@id@count=\count328
(/home/onyxia/.TinyTeX/texmf-dist/tex/generic/pgf/systemlayer/pgf.cfg
File: pgf.cfg 2025-08-29 v3.1.11a (3.1.11a)
)
Driver file for pgf: pgfsys-pdftex.def
(/home/onyxia/.TinyTeX/texmf-dist/tex/generic/pgf/systemlayer/pgfsys-pdftex.def
File: pgfsys-pdftex.def 2025-08-29 v3.1.11a (3.1.11a)
(/home/onyxia/.TinyTeX/texmf-dist/tex/generic/pgf/systemlayer/pgfsys-common-pdf.def
File: pgfsys-common-pdf.def 2025-08-29 v3.1.11a (3.1.11a)
))) (/home/onyxia/.TinyTeX/texmf-dist/tex/generic/pgf/systemlayer/pgfsyssoftpath.code.tex
File: pgfsyssoftpath.code.tex 2025-08-29 v3.1.11a (3.1.11a)
\pgfsyssoftpath@smallbuffer@items=\count329
\pgfsyssoftpath@bigbuffer@items=\count330
) (/home/onyxia/.TinyTeX/texmf-dist/tex/generic/pgf/systemlayer/pgfsysprotocol.code.tex
File: pgfsysprotocol.code.tex 2025-08-29 v3.1.11a (3.1.11a)
)) (/home/onyxia/.TinyTeX/texmf-dist/tex/generic/pgf/basiclayer/pgfcore.code.tex
Package: pgfcore 2025-08-29 v3.1.11a (3.1.11a)
(/home/onyxia/.TinyTeX/texmf-dist/tex/generic/pgf/math/pgfmath.code.tex (/home/onyxia/.TinyTeX/texmf-dist/tex/generic/pgf/math/pgfmathutil.code.tex) (/home/onyxia/.TinyTeX/texmf-dist/tex/generic/pgf/math/pgfmathparser.code.tex
\pgfmath@dimen=\dimen266
\pgfmath@count=\count331
\pgfmath@box=\box66
\pgfmath@toks=\toks39
\pgfmath@stack@operand=\toks40
\pgfmath@stack@operation=\toks41
) (/home/onyxia/.TinyTeX/texmf-dist/tex/generic/pgf/math/pgfmathfunctions.code.tex) (/home/onyxia/.TinyTeX/texmf-dist/tex/generic/pgf/math/pgfmathfunctions.basic.code.tex) (/home/onyxia/.TinyTeX/texmf-dist/tex/generic/pgf/math/pgfmathfunctions.trigonometric.code.tex) (/home/onyxia/.TinyTeX/texmf-dist/tex/generic/pgf/math/pgfmathfunctions.random.code.tex) (/home/onyxia/.TinyTeX/texmf-dist/tex/generic/pgf/math/pgfmathfunctions.comparison.code.tex) (/home/onyxia/.TinyTeX/texmf-dist/tex/generic/pgf/math/pgfmathfunctions.base.code.tex) (/home/onyxia/.TinyTeX/texmf-dist/tex/generic/pgf/math/pgfmathfunctions.round.code.tex) (/home/onyxia/.TinyTeX/texmf-dist/tex/generic/pgf/math/pgfmathfunctions.misc.code.tex) (/home/onyxia/.TinyTeX/texmf-dist/tex/generic/pgf/math/pgfmathfunctions.integerarithmetics.code.tex) (/home/onyxia/.TinyTeX/texmf-dist/tex/generic/pgf/math/pgfmathcalc.code.tex) (/home/onyxia/.TinyTeX/texmf-dist/tex/generic/pgf/math/pgfmathfloat.code.tex
\c@pgfmathroundto@lastzeros=\count332
)) (/home/onyxia/.TinyTeX/texmf-dist/tex/generic/pgf/math/pgfint.code.tex) (/home/onyxia/.TinyTeX/texmf-dist/tex/generic/pgf/basiclayer/pgfcorepoints.code.tex
File: pgfcorepoints.code.tex 2025-08-29 v3.1.11a (3.1.11a)
\pgf@picminx=\dimen267
\pgf@picmaxx=\dimen268
\pgf@picminy=\dimen269
\pgf@picmaxy=\dimen270
\pgf@pathminx=\dimen271
\pgf@pathmaxx=\dimen272
\pgf@pathminy=\dimen273
\pgf@pathmaxy=\dimen274
\pgf@xx=\dimen275
\pgf@xy=\dimen276
\pgf@yx=\dimen277
\pgf@yy=\dimen278
\pgf@zx=\dimen279
\pgf@zy=\dimen280
) (/home/onyxia/.TinyTeX/texmf-dist/tex/generic/pgf/basiclayer/pgfcorepathconstruct.code.tex
File: pgfcorepathconstruct.code.tex 2025-08-29 v3.1.11a (3.1.11a)
\pgf@path@lastx=\dimen281
\pgf@path@lasty=\dimen282
) (/home/onyxia/.TinyTeX/texmf-dist/tex/generic/pgf/basiclayer/pgfcorepathusage.code.tex
File: pgfcorepathusage.code.tex 2025-08-29 v3.1.11a (3.1.11a)
\pgf@shorten@end@additional=\dimen283
\pgf@shorten@start@additional=\dimen284
) (/home/onyxia/.TinyTeX/texmf-dist/tex/generic/pgf/basiclayer/pgfcorescopes.code.tex
File: pgfcorescopes.code.tex 2025-08-29 v3.1.11a (3.1.11a)
\pgfpic=\box67
\pgf@hbox=\box68
\pgf@layerbox@main=\box69
\pgf@picture@serial@count=\count333
) (/home/onyxia/.TinyTeX/texmf-dist/tex/generic/pgf/basiclayer/pgfcoregraphicstate.code.tex
File: pgfcoregraphicstate.code.tex 2025-08-29 v3.1.11a (3.1.11a)
\pgflinewidth=\dimen285
) (/home/onyxia/.TinyTeX/texmf-dist/tex/generic/pgf/basiclayer/pgfcoretransformations.code.tex
File: pgfcoretransformations.code.tex 2025-08-29 v3.1.11a (3.1.11a)
\pgf@pt@x=\dimen286
\pgf@pt@y=\dimen287
\pgf@pt@temp=\dimen288
) (/home/onyxia/.TinyTeX/texmf-dist/tex/generic/pgf/basiclayer/pgfcorequick.code.tex
File: pgfcorequick.code.tex 2025-08-29 v3.1.11a (3.1.11a)
) (/home/onyxia/.TinyTeX/texmf-dist/tex/generic/pgf/basiclayer/pgfcoreobjects.code.tex
File: pgfcoreobjects.code.tex 2025-08-29 v3.1.11a (3.1.11a)
) (/home/onyxia/.TinyTeX/texmf-dist/tex/generic/pgf/basiclayer/pgfcorepathprocessing.code.tex
File: pgfcorepathprocessing.code.tex 2025-08-29 v3.1.11a (3.1.11a)
) (/home/onyxia/.TinyTeX/texmf-dist/tex/generic/pgf/basiclayer/pgfcorearrows.code.tex
File: pgfcorearrows.code.tex 2025-08-29 v3.1.11a (3.1.11a)
\pgfarrowsep=\dimen289
) (/home/onyxia/.TinyTeX/texmf-dist/tex/generic/pgf/basiclayer/pgfcoreshade.code.tex
File: pgfcoreshade.code.tex 2025-08-29 v3.1.11a (3.1.11a)
\pgf@max=\dimen290
\pgf@sys@shading@range@num=\count334
\pgf@shadingcount=\count335
) (/home/onyxia/.TinyTeX/texmf-dist/tex/generic/pgf/basiclayer/pgfcoreimage.code.tex
File: pgfcoreimage.code.tex 2025-08-29 v3.1.11a (3.1.11a)
) (/home/onyxia/.TinyTeX/texmf-dist/tex/generic/pgf/basiclayer/pgfcoreexternal.code.tex
File: pgfcoreexternal.code.tex 2025-08-29 v3.1.11a (3.1.11a)
\pgfexternal@startupbox=\box70
) (/home/onyxia/.TinyTeX/texmf-dist/tex/generic/pgf/basiclayer/pgfcorelayers.code.tex
File: pgfcorelayers.code.tex 2025-08-29 v3.1.11a (3.1.11a)
) (/home/onyxia/.TinyTeX/texmf-dist/tex/generic/pgf/basiclayer/pgfcoretransparency.code.tex
File: pgfcoretransparency.code.tex 2025-08-29 v3.1.11a (3.1.11a)
) (/home/onyxia/.TinyTeX/texmf-dist/tex/generic/pgf/basiclayer/pgfcorepatterns.code.tex
File: pgfcorepatterns.code.tex 2025-08-29 v3.1.11a (3.1.11a)
) (/home/onyxia/.TinyTeX/texmf-dist/tex/generic/pgf/basiclayer/pgfcorerdf.code.tex
File: pgfcorerdf.code.tex 2025-08-29 v3.1.11a (3.1.11a)
))) (/home/onyxia/.TinyTeX/texmf-dist/tex/generic/pgf/modules/pgfmoduleshapes.code.tex
File: pgfmoduleshapes.code.tex 2025-08-29 v3.1.11a (3.1.11a)
\pgfnodeparttextbox=\box71
) (/home/onyxia/.TinyTeX/texmf-dist/tex/generic/pgf/modules/pgfmoduleplot.code.tex
File: pgfmoduleplot.code.tex 2025-08-29 v3.1.11a (3.1.11a)
) (/home/onyxia/.TinyTeX/texmf-dist/tex/latex/pgf/compatibility/pgfcomp-version-0-65.sty
Package: pgfcomp-version-0-65 2025-08-29 v3.1.11a (3.1.11a)
\pgf@nodesepstart=\dimen291
\pgf@nodesepend=\dimen292
) (/home/onyxia/.TinyTeX/texmf-dist/tex/latex/pgf/compatibility/pgfcomp-version-1-18.sty
Package: pgfcomp-version-1-18 2025-08-29 v3.1.11a (3.1.11a)
)) (/home/onyxia/.TinyTeX/texmf-dist/tex/latex/pgf/utilities/pgffor.sty (/home/onyxia/.TinyTeX/texmf-dist/tex/latex/pgf/utilities/pgfkeys.sty (/home/onyxia/.TinyTeX/texmf-dist/tex/generic/pgf/utilities/pgfkeys.code.tex)) (/home/onyxia/.TinyTeX/texmf-dist/tex/latex/pgf/math/pgfmath.sty (/home/onyxia/.TinyTeX/texmf-dist/tex/generic/pgf/math/pgfmath.code.tex)) (/home/onyxia/.TinyTeX/texmf-dist/tex/generic/pgf/utilities/pgffor.code.tex
Package: pgffor 2025-08-29 v3.1.11a (3.1.11a)
\pgffor@iter=\dimen293
\pgffor@skip=\dimen294
\pgffor@stack=\toks42
\pgffor@toks=\toks43
)) (/home/onyxia/.TinyTeX/texmf-dist/tex/generic/pgf/frontendlayer/tikz/tikz.code.tex
Package: tikz 2025-08-29 v3.1.11a (3.1.11a)
(/home/onyxia/.TinyTeX/texmf-dist/tex/generic/pgf/libraries/pgflibraryplothandlers.code.tex
File: pgflibraryplothandlers.code.tex 2025-08-29 v3.1.11a (3.1.11a)
\pgf@plot@mark@count=\count336
\pgfplotmarksize=\dimen295
)
\tikz@lastx=\dimen296
\tikz@lasty=\dimen297
\tikz@lastxsaved=\dimen298
\tikz@lastysaved=\dimen299
\tikz@lastmovetox=\dimen300
\tikz@lastmovetoy=\dimen301
\tikzleveldistance=\dimen302
\tikzsiblingdistance=\dimen303
\tikz@figbox=\box72
\tikz@figbox@bg=\box73
\tikz@tempbox=\box74
\tikz@tempbox@bg=\box75
\tikztreelevel=\count337
\tikznumberofchildren=\count338
\tikznumberofcurrentchild=\count339
\tikz@fig@count=\count340
(/home/onyxia/.TinyTeX/texmf-dist/tex/generic/pgf/modules/pgfmodulematrix.code.tex
File: pgfmodulematrix.code.tex 2025-08-29 v3.1.11a (3.1.11a)
\pgfmatrixcurrentrow=\count341
\pgfmatrixcurrentcolumn=\count342
\pgf@matrix@numberofcolumns=\count343
)
\tikz@expandcount=\count344
(/home/onyxia/.TinyTeX/texmf-dist/tex/generic/pgf/frontendlayer/tikz/libraries/tikzlibrarytopaths.code.tex
File: tikzlibrarytopaths.code.tex 2025-08-29 v3.1.11a (3.1.11a)
))) (/home/onyxia/.TinyTeX/texmf-dist/tex/latex/tools/verbatim.sty
Package: verbatim 2024-01-22 v1.5x LaTeX2e package for verbatim enhancements
\every@verbatim=\toks44
\verbatim@line=\toks45
\verbatim@in@stream=\read4
) (/home/onyxia/.TinyTeX/texmf-dist/tex/latex/environ/environ.sty
Package: environ 2014/05/04 v0.3 A new way to define environments
(/home/onyxia/.TinyTeX/texmf-dist/tex/latex/trimspaces/trimspaces.sty
Package: trimspaces 2009/09/17 v1.1 Trim spaces around a token list
))
\tcb@titlebox=\box76
\tcb@upperbox=\box77
\tcb@lowerbox=\box78
\tcb@phantombox=\box79
\c@tcbbreakpart=\count345
\c@tcblayer=\count346
\c@tcolorbox@number=\count347
\l__tcobox_tmpa_box=\box80
\l__tcobox_tmpa_dim=\dimen304
\tcb@temp=\box81
\tcb@temp=\box82
\tcb@temp=\box83
\tcb@temp=\box84
(/home/onyxia/.TinyTeX/texmf-dist/tex/latex/tcolorbox/tcbskins.code.tex
Library (tcolorbox): 'tcbskins.code.tex' version '6.9.0'
(/home/onyxia/.TinyTeX/texmf-dist/tex/latex/tikzfill/tikzfill.image.sty
Package: tikzfill.image 2026/03/26 v1.1.0 Image filling library for TikZ
(/home/onyxia/.TinyTeX/texmf-dist/tex/latex/tikzfill/tikzlibraryfill.image.code.tex
File: tikzlibraryfill.image.code.tex 2026/03/26 v1.1.0 Image filling library
\l__tikzfill_tmpa_dim=\dimen305
\l__tikzfill_tmpb_dim=\dimen306
\l__tikzfill_img_box=\box85
)) (/home/onyxia/.TinyTeX/texmf-dist/tex/latex/tcolorbox/tcbskinsjigsaw.code.tex
Library (tcolorbox): 'tcbskinsjigsaw.code.tex' version '6.9.0'
)) (/home/onyxia/.TinyTeX/texmf-dist/tex/latex/tcolorbox/tcbbreakable.code.tex
Library (tcolorbox): 'tcbbreakable.code.tex' version '6.9.0'
(/home/onyxia/.TinyTeX/texmf-dist/tex/latex/pdfcol/pdfcol.sty
Package: pdfcol 2022-09-21 v1.7 Handle new color stacks for pdfTeX (HO)
(/home/onyxia/.TinyTeX/texmf-dist/tex/generic/infwarerr/infwarerr.sty
Package: infwarerr 2019/12/03 v1.5 Providing info/warning/error messages (HO)
))
Package pdfcol Info: New color stack `tcb@breakable' = 1 on input line 23.
\tcb@testbox=\box86
\tcb@totalupperbox=\box87
\tcb@totallowerbox=\box88
)) (/home/onyxia/.TinyTeX/texmf-dist/tex/latex/fontawesome5/fontawesome5.sty (/home/onyxia/.TinyTeX/texmf-dist/tex/latex/l3kernel/expl3.sty
Package: expl3 2026-01-19 L3 programming layer (loader) 
(/home/onyxia/.TinyTeX/texmf-dist/tex/latex/l3backend/l3backend-pdftex.def
File: l3backend-pdftex.def 2025-10-09 L3 backend support: PDF output (pdfTeX)
\l__color_backend_stack_int=\count348
))
Package: fontawesome5 2022/05/02 v5.15.4 Font Awesome 5
(/home/onyxia/.TinyTeX/texmf-dist/tex/latex/l3packages/l3keys2e/l3keys2e.sty
Package: l3keys2e 2025-10-09 LaTeX2e option processing using LaTeX3 keys
) (/home/onyxia/.TinyTeX/texmf-dist/tex/latex/l3packages/xparse/xparse.sty
Package: xparse 2025-10-09 L3 Experimental document command parser
) (/home/onyxia/.TinyTeX/texmf-dist/tex/latex/fontawesome5/fontawesome5-generic-helper.sty
Package: fontawesome5-generic-helper 2022/05/02 v5.15.4 non-uTeX helper for fontawesome5
(/home/onyxia/.TinyTeX/texmf-dist/tex/latex/fontawesome5/fontawesome5-mapping.def))) (/home/onyxia/.TinyTeX/texmf-dist/tex/latex/caption/caption.sty
Package: caption 2023/08/05 v3.6o Customizing captions (AR)
(/home/onyxia/.TinyTeX/texmf-dist/tex/latex/caption/caption3.sty
Package: caption3 2023/07/31 v2.4d caption3 kernel (AR)
\caption@tempdima=\dimen307
\captionmargin=\dimen308
\caption@leftmargin=\dimen309
\caption@rightmargin=\dimen310
\caption@width=\dimen311
\caption@indent=\dimen312
\caption@parindent=\dimen313
\caption@hangindent=\dimen314
Package caption Info: Standard document class detected.
Package caption Info: french babel package is loaded.
)
\c@caption@flags=\count349
\c@continuedfloat=\count350
Package caption Info: longtable package is loaded.
(/home/onyxia/.TinyTeX/texmf-dist/tex/latex/caption/ltcaption.sty
Package: ltcaption 2021/01/08 v1.4c longtable captions (AR)
)) (/home/onyxia/.TinyTeX/texmf-dist/tex/latex/float/float.sty
Package: float 2001/11/08 v1.3d Float enhancements (AL)
\c@float@type=\count351
\float@exts=\toks46
\float@box=\box89
\@float@everytoks=\toks47
\@floatcapt=\box90
)
\@float@every@codelisting=\toks48
\c@codelisting=\count352
(/home/onyxia/.TinyTeX/texmf-dist/tex/latex/caption/subcaption.sty
Package: subcaption 2023/07/28 v1.6b Sub-captions (AR)
Package caption Info: New subtype `subfigure' on input line 238.
\c@subfigure=\count353
Package caption Info: New subtype `subtable' on input line 238.
\c@subtable=\count354
) (/home/onyxia/.TinyTeX/texmf-dist/tex/latex/bookmark/bookmark.sty
Package: bookmark 2023-12-10 v1.31 PDF bookmarks (HO)
(/home/onyxia/.TinyTeX/texmf-dist/tex/latex/hyperref/hyperref.sty
Package: hyperref 2026-01-29 v7.01p Hypertext links for LaTeX
(/home/onyxia/.TinyTeX/texmf-dist/tex/generic/kvdefinekeys/kvdefinekeys.sty
Package: kvdefinekeys 2019-12-19 v1.6 Define keys (HO)
) (/home/onyxia/.TinyTeX/texmf-dist/tex/generic/pdfescape/pdfescape.sty
Package: pdfescape 2019/12/09 v1.15 Implements pdfTeX's escape features (HO)
(/home/onyxia/.TinyTeX/texmf-dist/tex/generic/pdftexcmds/pdftexcmds.sty
Package: pdftexcmds 2020-06-27 v0.33 Utility functions of pdfTeX for LuaTeX (HO)
Package pdftexcmds Info: \pdf@primitive is available.
Package pdftexcmds Info: \pdf@ifprimitive is available.
Package pdftexcmds Info: \pdfdraftmode found.
)) (/home/onyxia/.TinyTeX/texmf-dist/tex/latex/hycolor/hycolor.sty
Package: hycolor 2020-01-27 v1.10 Color options for hyperref/bookmark (HO)
) (/home/onyxia/.TinyTeX/texmf-dist/tex/latex/hyperref/nameref.sty
Package: nameref 2026-01-29 v2.58 Cross-referencing by name of section
(/home/onyxia/.TinyTeX/texmf-dist/tex/latex/refcount/refcount.sty
Package: refcount 2019/12/15 v3.6 Data extraction from label references (HO)
) (/home/onyxia/.TinyTeX/texmf-dist/tex/generic/gettitlestring/gettitlestring.sty
Package: gettitlestring 2019/12/15 v1.6 Cleanup title references (HO)
)
\c@section@level=\count355
) (/home/onyxia/.TinyTeX/texmf-dist/tex/generic/stringenc/stringenc.sty
Package: stringenc 2019/11/29 v1.12 Convert strings between diff. encodings (HO)
)
\@linkdim=\dimen315
\Hy@linkcounter=\count356
\Hy@pagecounter=\count357
(/home/onyxia/.TinyTeX/texmf-dist/tex/latex/hyperref/pd1enc.def
File: pd1enc.def 2026-01-29 v7.01p Hyperref: PDFDocEncoding definition (HO)
Now handling font encoding PD1 ...
... no UTF-8 mapping file for font encoding PD1
) (/home/onyxia/.TinyTeX/texmf-dist/tex/generic/intcalc/intcalc.sty
Package: intcalc 2019/12/15 v1.3 Expandable calculations with integers (HO)
)
\Hy@SavedSpaceFactor=\count358
(/home/onyxia/.TinyTeX/texmf-dist/tex/latex/hyperref/puenc.def
File: puenc.def 2026-01-29 v7.01p Hyperref: PDF Unicode definition (HO)
Now handling font encoding PU ...
... no UTF-8 mapping file for font encoding PU
)
Package hyperref Info: Option `unicode' set `true' on input line 4072.
Package hyperref Info: Hyper figures OFF on input line 4201.
Package hyperref Info: Link nesting OFF on input line 4206.
Package hyperref Info: Hyper index ON on input line 4209.
Package hyperref Info: Plain pages OFF on input line 4216.
Package hyperref Info: Backreferencing OFF on input line 4221.
Package hyperref Info: Implicit mode ON; LaTeX internals redefined.
Package hyperref Info: Bookmarks ON on input line 4468.
\c@Hy@tempcnt=\count359
(/home/onyxia/.TinyTeX/texmf-dist/tex/latex/url/url.sty
\Urlmuskip=\muskip18
Package: url 2013/09/16  ver 3.4  Verb mode for urls, etc.
)
LaTeX Info: Redefining \url on input line 4807.
\XeTeXLinkMargin=\dimen316
(/home/onyxia/.TinyTeX/texmf-dist/tex/generic/bitset/bitset.sty
Package: bitset 2019/12/09 v1.3 Handle bit-vector datatype (HO)
(/home/onyxia/.TinyTeX/texmf-dist/tex/generic/bigintcalc/bigintcalc.sty
Package: bigintcalc 2019/12/15 v1.5 Expandable calculations on big integers (HO)
))
\Fld@menulength=\count360
\Field@Width=\dimen317
\Fld@charsize=\dimen318
Package hyperref Info: Hyper figures OFF on input line 6084.
Package hyperref Info: Link nesting OFF on input line 6089.
Package hyperref Info: Hyper index ON on input line 6092.
Package hyperref Info: backreferencing OFF on input line 6099.
Package hyperref Info: Link coloring OFF on input line 6104.
Package hyperref Info: Link coloring with OCG OFF on input line 6109.
Package hyperref Info: PDF/A mode OFF on input line 6114.
\Hy@abspage=\count361
\c@Item=\count362
\c@Hfootnote=\count363
)
Package hyperref Info: Driver (autodetected): hpdftex.
(/home/onyxia/.TinyTeX/texmf-dist/tex/latex/hyperref/hpdftex.def
File: hpdftex.def 2026-01-29 v7.01p Hyperref driver for pdfTeX
\Fld@listcount=\count364
\c@bookmark@seq@number=\count365
(/home/onyxia/.TinyTeX/texmf-dist/tex/latex/rerunfilecheck/rerunfilecheck.sty
Package: rerunfilecheck 2025-06-21 v1.11 Rerun checks for auxiliary files (HO)
(/home/onyxia/.TinyTeX/texmf-dist/tex/generic/uniquecounter/uniquecounter.sty
Package: uniquecounter 2019/12/15 v1.4 Provide unlimited unique counter (HO)
)
Package uniquecounter Info: New unique counter `rerunfilecheck' on input line 284.
)
\Hy@SectionHShift=\skip78
) (/home/onyxia/.TinyTeX/texmf-dist/tex/latex/bookmark/bkm-pdftex.def
File: bkm-pdftex.def 2023-12-10 v1.31 bookmark driver for pdfTeX and luaTeX (HO)
\BKM@id=\count366
))
Package hyperref Info: Option `colorlinks' set `true' on input line 208.
LaTeX Font Info:    Trying to load font information for T1+lmr on input line 214.
(/home/onyxia/.TinyTeX/texmf-dist/tex/latex/lm/t1lmr.fd
File: t1lmr.fd 2015/05/01 v1.6.1 Font defs for Latin Modern
)
No file Rapport.aux.
\openout1 = `Rapport.aux'.

LaTeX Font Info:    Checking defaults for OML/cmm/m/it on input line 214.
LaTeX Font Info:    ... okay on input line 214.
LaTeX Font Info:    Checking defaults for OMS/cmsy/m/n on input line 214.
LaTeX Font Info:    ... okay on input line 214.
LaTeX Font Info:    Checking defaults for OT1/cmr/m/n on input line 214.
LaTeX Font Info:    ... okay on input line 214.
LaTeX Font Info:    Checking defaults for T1/cmr/m/n on input line 214.
LaTeX Font Info:    ... okay on input line 214.
LaTeX Font Info:    Checking defaults for TS1/cmr/m/n on input line 214.
LaTeX Font Info:    ... okay on input line 214.
LaTeX Font Info:    Checking defaults for OMX/cmex/m/n on input line 214.
LaTeX Font Info:    ... okay on input line 214.
LaTeX Font Info:    Checking defaults for U/cmr/m/n on input line 214.
LaTeX Font Info:    ... okay on input line 214.
LaTeX Font Info:    Checking defaults for PD1/pdf/m/n on input line 214.
LaTeX Font Info:    ... okay on input line 214.
LaTeX Font Info:    Checking defaults for PU/pdf/m/n on input line 214.
LaTeX Font Info:    ... okay on input line 214.
(/home/onyxia/.TinyTeX/texmf-dist/tex/latex/epstopdf-pkg/epstopdf-base.sty
Package: epstopdf-base 2020-01-24 v2.11 Base part for package epstopdf
Package epstopdf-base Info: Redefining graphics rule for `.eps' on input line 485.
(/home/onyxia/.TinyTeX/texmf-dist/tex/latex/latexconfig/epstopdf-sys.cfg
File: epstopdf-sys.cfg 2010/07/13 v1.3 Configuration of (r)epstopdf for TeX Live
))
*geometry* driver: auto-detecting
*geometry* detected driver: pdftex
*geometry* verbose mode - [ preamble ] result:
* driver: pdftex
* paper: a4paper
* layout: <same size as paper>
* layoutoffset:(h,v)=(0.0pt,0.0pt)
* modes: 
* h-part:(L,W,R)=(71.13188pt, 455.24411pt, 71.13188pt)
* v-part:(T,H,B)=(42.67912pt, 759.6886pt, 42.67912pt)
* \paperwidth=597.50787pt
* \paperheight=845.04684pt
* \textwidth=455.24411pt
* \textheight=759.6886pt
* \oddsidemargin=-1.1381pt
* \evensidemargin=-1.1381pt
* \topmargin=-66.59087pt
* \headheight=12.0pt
* \headsep=25.0pt
* \topskip=11.0pt
* \footskip=30.0pt
* \marginparwidth=50.0pt
* \marginparsep=10.0pt
* \columnsep=10.0pt
* \skip\footins=10.0pt plus 4.0pt minus 2.0pt
* \hoffset=0.0pt
* \voffset=0.0pt
* \mag=1000
* \@twocolumnfalse
* \@twosidefalse
* \@mparswitchfalse
* \@reversemarginfalse
* (1in=72.27pt=25.4mm, 1cm=28.453pt)

LaTeX Info: Redefining \microtypecontext on input line 214.
Package microtype Info: Applying patch `item' on input line 214.
Package microtype Info: Applying patch `toc' on input line 214.
Package microtype Info: Applying patch `eqnum' on input line 214.
Package microtype Info: Applying patch `footnote' on input line 214.
Package microtype Info: Applying patch `verbatim' on input line 214.
LaTeX Info: Redefining \microtypesetup on input line 214.
Package microtype Info: Generating PDF output.
Package microtype Info: Character protrusion enabled (level 2).
Package microtype Info: Using protrusion set `basicmath'.
Package microtype Info: Automatic font expansion enabled (level 2),
(microtype)             stretch: 20, shrink: 20, step: 1, non-selected.
Package microtype Info: Using default expansion set `alltext-nott'.
Package microtype Info: Patching command `\showhyphens'.
Package microtype Info: No adjustment of tracking.
Package microtype Info: No adjustment of interword spacing.
Package microtype Info: No adjustment of character kerning.
(/home/onyxia/.TinyTeX/texmf-dist/tex/latex/microtype/mt-cmr.cfg
File: mt-cmr.cfg 2013/05/19 v2.2 microtype config. file: Computer Modern Roman (RS)
)
Package babel Info: 'french' activates 'french' shorthands.
(babel)             Reported on input line 214.
LaTeX Info: Redefining \degres on input line 214.
Package caption Info: Begin \AtBeginDocument code.
Package caption Info: float package is loaded.
Package caption Info: hyperref package is loaded.
Package caption Info: End \AtBeginDocument code.
Package hyperref Info: Link coloring ON on input line 214.
LaTeX Font Info:    Trying to load font information for OT1+lmr on input line 216.
(/home/onyxia/.TinyTeX/texmf-dist/tex/latex/lm/ot1lmr.fd
File: ot1lmr.fd 2015/05/01 v1.6.1 Font defs for Latin Modern
)
LaTeX Font Info:    Trying to load font information for OML+lmm on input line 216.
(/home/onyxia/.TinyTeX/texmf-dist/tex/latex/lm/omllmm.fd
File: omllmm.fd 2015/05/01 v1.6.1 Font defs for Latin Modern
)
LaTeX Font Info:    Trying to load font information for OMS+lmsy on input line 216.
(/home/onyxia/.TinyTeX/texmf-dist/tex/latex/lm/omslmsy.fd
File: omslmsy.fd 2015/05/01 v1.6.1 Font defs for Latin Modern
)
LaTeX Font Info:    Trying to load font information for OMX+lmex on input line 216.
(/home/onyxia/.TinyTeX/texmf-dist/tex/latex/lm/omxlmex.fd
File: omxlmex.fd 2015/05/01 v1.6.1 Font defs for Latin Modern
)
LaTeX Font Info:    External font `lmex10' loaded for size
(Font)              <12> on input line 216.
LaTeX Font Info:    External font `lmex10' loaded for size
(Font)              <8> on input line 216.
LaTeX Font Info:    External font `lmex10' loaded for size
(Font)              <6> on input line 216.
LaTeX Font Info:    Trying to load font information for U+msa on input line 216.
(/home/onyxia/.TinyTeX/texmf-dist/tex/latex/amsfonts/umsa.fd
File: umsa.fd 2013/01/14 v3.01 AMS symbols A
) (/home/onyxia/.TinyTeX/texmf-dist/tex/latex/microtype/mt-msa.cfg
File: mt-msa.cfg 2006/02/04 v1.1 microtype config. file: AMS symbols (a) (RS)
)
LaTeX Font Info:    Trying to load font information for U+msb on input line 216.
(/home/onyxia/.TinyTeX/texmf-dist/tex/latex/amsfonts/umsb.fd
File: umsb.fd 2013/01/14 v3.01 AMS symbols B
) (/home/onyxia/.TinyTeX/texmf-dist/tex/latex/microtype/mt-msb.cfg
File: mt-msb.cfg 2005/06/01 v1.0 microtype config. file: AMS symbols (b) (RS)
) [1

{/home/onyxia/.TinyTeX/texmf-var/fonts/map/pdftex/updmap/pdftex.map}{/home/onyxia/.TinyTeX/texmf-dist/fonts/enc/dvips/lm/lm-ec.enc}]
No file Rapport.toc.
\tf@toc=\write4
\openout4 = `Rapport.toc'.

<Images/ensai_logo_1.png, id=14, 199.2243pt x 111.5367pt>
File: Images/ensai_logo_1.png Graphic file (type png)
<use Images/ensai_logo_1.png>
Package pdftex.def Info: Images/ensai_logo_1.png  used on input line 222.
(pdftex.def)             Requested size: 56.9055pt x 31.85806pt.

Package fancyhdr Warning: \headheight is too small (12.0pt): 
(fancyhdr)                Make it at least 31.85806pt, for example:
(fancyhdr)                \setlength{\headheight}{31.85806pt}.
(fancyhdr)                You might also make \topmargin smaller:
(fancyhdr)                \addtolength{\topmargin}{-19.85806pt}.


pdfTeX warning (ext4): destination with the same identifier (name{page.1}) has been already used, duplicate ignored
<to be read again> 
                   \relax 
l.222 \listoffigures
                     [1

 <./Images/ensai_logo_1.png>]
No file Rapport.lof.
\tf@lof=\write5
\openout5 = `Rapport.lof'.

File: Images/ensai_logo_1.png Graphic file (type png)
<use Images/ensai_logo_1.png>
Package pdftex.def Info: Images/ensai_logo_1.png  used on input line 226.
(pdftex.def)             Requested size: 56.9055pt x 31.85806pt.

Package fancyhdr Warning: \headheight is too small (12.0pt): 
(fancyhdr)                Make it at least 31.85806pt, for example:
(fancyhdr)                \setlength{\headheight}{31.85806pt}.
(fancyhdr)                You might also make \topmargin smaller:
(fancyhdr)                \addtolength{\topmargin}{-19.85806pt}.

[2

]
File: Images/ensai_logo_1.png Graphic file (type png)
<use Images/ensai_logo_1.png>
Package pdftex.def Info: Images/ensai_logo_1.png  used on input line 270.
(pdftex.def)             Requested size: 56.9055pt x 31.85806pt.

Package fancyhdr Warning: \headheight is too small (12.0pt): 
(fancyhdr)                Make it at least 31.85806pt, for example:
(fancyhdr)                \setlength{\headheight}{31.85806pt}.
(fancyhdr)                You might also make \topmargin smaller:
(fancyhdr)                \addtolength{\topmargin}{-19.85806pt}.

[3

]
<images_rapports/tableau1_manquants_NA.png, id=33, 702.625pt x 160.6pt>
File: images_rapports/tableau1_manquants_NA.png Graphic file (type png)
<use images_rapports/tableau1_manquants_NA.png>
Package pdftex.def Info: images_rapports/tableau1_manquants_NA.png  used on input line 320.
(pdftex.def)             Requested size: 702.62328pt x 160.5996pt.
Package microtype Info: Character `029' is missing
(microtype)             in font `T1/lmr/m/sc/10.95'.
(microtype)             Ignoring protrusion settings for this character.
File: Images/ensai_logo_1.png Graphic file (type png)
<use Images/ensai_logo_1.png>
Package pdftex.def Info: Images/ensai_logo_1.png  used on input line 333.
(pdftex.def)             Requested size: 56.9055pt x 31.85806pt.

Package fancyhdr Warning: \headheight is too small (12.0pt): 
(fancyhdr)                Make it at least 31.85806pt, for example:
(fancyhdr)                \setlength{\headheight}{31.85806pt}.
(fancyhdr)                You might also make \topmargin smaller:
(fancyhdr)                \addtolength{\topmargin}{-19.85806pt}.

[4

 <./images_rapports/tableau1_manquants_NA.png (PNG copy)>]
<images_rapports/figure2_comparaison_NA_notes_relatst.pdf, id=43, 418.56375pt x 274.02374pt>
File: images_rapports/figure2_comparaison_NA_notes_relatst.pdf Graphic file (type pdf)
<use images_rapports/figure2_comparaison_NA_notes_relatst.pdf>
Package pdftex.def Info: images_rapports/figure2_comparaison_NA_notes_relatst.pdf  used on input line 359.
(pdftex.def)             Requested size: 418.56271pt x 274.02307pt.
<images_rapports/figure3_comparaison_NA_notesmaths_teachsup.pdf, id=44, 418.56375pt x 274.02374pt>
File: images_rapports/figure3_comparaison_NA_notesmaths_teachsup.pdf Graphic file (type pdf)
<use images_rapports/figure3_comparaison_NA_notesmaths_teachsup.pdf>
Package pdftex.def Info: images_rapports/figure3_comparaison_NA_notesmaths_teachsup.pdf  used on input line 384.
(pdftex.def)             Requested size: 418.56271pt x 274.02307pt.
File: Images/ensai_logo_1.png Graphic file (type png)
<use Images/ensai_logo_1.png>
Package pdftex.def Info: Images/ensai_logo_1.png  used on input line 393.
(pdftex.def)             Requested size: 56.9055pt x 31.85806pt.

Package fancyhdr Warning: \headheight is too small (12.0pt): 
(fancyhdr)                Make it at least 31.85806pt, for example:
(fancyhdr)                \setlength{\headheight}{31.85806pt}.
(fancyhdr)                You might also make \topmargin smaller:
(fancyhdr)                \addtolength{\topmargin}{-19.85806pt}.

[5 <./images_rapports/figure2_comparaison_NA_notes_relatst.pdf>]
<images_rapports/figure4_summary_table.png, id=57, 662.475pt x 228.855pt>
File: images_rapports/figure4_summary_table.png Graphic file (type png)
<use images_rapports/figure4_summary_table.png>
Package pdftex.def Info: images_rapports/figure4_summary_table.png  used on input line 424.
(pdftex.def)             Requested size: 662.47339pt x 228.85443pt.
File: Images/ensai_logo_1.png Graphic file (type png)
<use Images/ensai_logo_1.png>
Package pdftex.def Info: Images/ensai_logo_1.png  used on input line 432.
(pdftex.def)             Requested size: 56.9055pt x 31.85806pt.

Package fancyhdr Warning: \headheight is too small (12.0pt): 
(fancyhdr)                Make it at least 31.85806pt, for example:
(fancyhdr)                \setlength{\headheight}{31.85806pt}.
(fancyhdr)                You might also make \topmargin smaller:
(fancyhdr)                \addtolength{\topmargin}{-19.85806pt}.

[6 <./images_rapports/figure3_comparaison_NA_notesmaths_teachsup.pdf>]
<images_rapports/figure5_Reponses_indiquant_une _relation_positive.pdf, id=71, 411.5375pt x 266.9975pt>
File: images_rapports/figure5_Reponses_indiquant_une _relation_positive.pdf Graphic file (type pdf)
<use images_rapports/figure5_Reponses_indiquant_une _relation_positive.pdf>
Package pdftex.def Info: images_rapports/figure5_Reponses_indiquant_une _relation_positive.pdf  used on input line 464.
(pdftex.def)             Requested size: 411.5365pt x 266.99683pt.
File: Images/ensai_logo_1.png Graphic file (type png)
<use Images/ensai_logo_1.png>
Package pdftex.def Info: Images/ensai_logo_1.png  used on input line 472.
(pdftex.def)             Requested size: 56.9055pt x 31.85806pt.

Package fancyhdr Warning: \headheight is too small (12.0pt): 
(fancyhdr)                Make it at least 31.85806pt, for example:
(fancyhdr)                \setlength{\headheight}{31.85806pt}.
(fancyhdr)                You might also make \topmargin smaller:
(fancyhdr)                \addtolength{\topmargin}{-19.85806pt}.

[7 <./images_rapports/figure4_summary_table.png (PNG copy)>]
<images_rapports/figure6_Reponses_indiquant_une_relation_positive_maths.pdf, id=78, 411.5375pt x 266.9975pt>
File: images_rapports/figure6_Reponses_indiquant_une_relation_positive_maths.pdf Graphic file (type pdf)
<use images_rapports/figure6_Reponses_indiquant_une_relation_positive_maths.pdf>
Package pdftex.def Info: images_rapports/figure6_Reponses_indiquant_une_relation_positive_maths.pdf  used on input line 500.
(pdftex.def)             Requested size: 411.5365pt x 266.99683pt.
File: Images/ensai_logo_1.png Graphic file (type png)
<use Images/ensai_logo_1.png>
Package pdftex.def Info: Images/ensai_logo_1.png  used on input line 508.
(pdftex.def)             Requested size: 56.9055pt x 31.85806pt.

Package fancyhdr Warning: \headheight is too small (12.0pt): 
(fancyhdr)                Make it at least 31.85806pt, for example:
(fancyhdr)                \setlength{\headheight}{31.85806pt}.
(fancyhdr)                You might also make \topmargin smaller:
(fancyhdr)                \addtolength{\topmargin}{-19.85806pt}.

[8 <./images_rapports/figure5_Reponses_indiquant_une _relation_positive.pdf>]
File: Images/ensai_logo_1.png Graphic file (type png)
<use Images/ensai_logo_1.png>
Package pdftex.def Info: Images/ensai_logo_1.png  used on input line 524.
(pdftex.def)             Requested size: 56.9055pt x 31.85806pt.

Package fancyhdr Warning: \headheight is too small (12.0pt): 
(fancyhdr)                Make it at least 31.85806pt, for example:
(fancyhdr)                \setlength{\headheight}{31.85806pt}.
(fancyhdr)                You might also make \topmargin smaller:
(fancyhdr)                \addtolength{\topmargin}{-19.85806pt}.

[9 <./images_rapports/figure6_Reponses_indiquant_une_relation_positive_maths.pdf>]
<images_rapports/figure7_matrice_correlation_variables.pdf, id=100, 397.485pt x 252.945pt>
File: images_rapports/figure7_matrice_correlation_variables.pdf Graphic file (type pdf)
<use images_rapports/figure7_matrice_correlation_variables.pdf>
Package pdftex.def Info: images_rapports/figure7_matrice_correlation_variables.pdf  used on input line 546.
(pdftex.def)             Requested size: 397.48402pt x 252.94438pt.
File: Images/ensai_logo_1.png Graphic file (type png)
<use Images/ensai_logo_1.png>
Package pdftex.def Info: Images/ensai_logo_1.png  used on input line 569.
(pdftex.def)             Requested size: 56.9055pt x 31.85806pt.

Package fancyhdr Warning: \headheight is too small (12.0pt): 
(fancyhdr)                Make it at least 31.85806pt, for example:
(fancyhdr)                \setlength{\headheight}{31.85806pt}.
(fancyhdr)                You might also make \topmargin smaller:
(fancyhdr)                \addtolength{\topmargin}{-19.85806pt}.

[10

 <./images_rapports/figure7_matrice_correlation_variables.pdf>]
LaTeX Font Info:    Trying to load font information for TS1+lmr on input line 590.
(/home/onyxia/.TinyTeX/texmf-dist/tex/latex/lm/ts1lmr.fd
File: ts1lmr.fd 2015/05/01 v1.6.1 Font defs for Latin Modern
)
<images_rapports/figure8_correlation_REE_note.pdf, id=114, 433.62pt x 289.08pt>
File: images_rapports/figure8_correlation_REE_note.pdf Graphic file (type pdf)
<use images_rapports/figure8_correlation_REE_note.pdf>
Package pdftex.def Info: images_rapports/figure8_correlation_REE_note.pdf  used on input line 609.
(pdftex.def)             Requested size: 433.61894pt x 289.07928pt.
File: Images/ensai_logo_1.png Graphic file (type png)
<use Images/ensai_logo_1.png>
Package pdftex.def Info: Images/ensai_logo_1.png  used on input line 622.
(pdftex.def)             Requested size: 56.9055pt x 31.85806pt.

Package fancyhdr Warning: \headheight is too small (12.0pt): 
(fancyhdr)                Make it at least 31.85806pt, for example:
(fancyhdr)                \setlength{\headheight}{31.85806pt}.
(fancyhdr)                You might also make \topmargin smaller:
(fancyhdr)                \addtolength{\topmargin}{-19.85806pt}.

[11{/home/onyxia/.TinyTeX/texmf-dist/fonts/enc/dvips/lm/lm-ts1.enc} <./images_rapports/figure8_correlation_REE_note.pdf>]
<images_rapports/figure9_boxplot_REE_ESCS.pdf, id=131, 361.35pt x 237.88875pt>
File: images_rapports/figure9_boxplot_REE_ESCS.pdf Graphic file (type pdf)
<use images_rapports/figure9_boxplot_REE_ESCS.pdf>
Package pdftex.def Info: images_rapports/figure9_boxplot_REE_ESCS.pdf  used on input line 647.
(pdftex.def)             Requested size: 361.34912pt x 237.88815pt.
<images_rapports/figure10_boxplot_REE_maths_ESCS.pdf, id=132, 361.35pt x 237.88875pt>
File: images_rapports/figure10_boxplot_REE_maths_ESCS.pdf Graphic file (type pdf)
<use images_rapports/figure10_boxplot_REE_maths_ESCS.pdf>
Package pdftex.def Info: images_rapports/figure10_boxplot_REE_maths_ESCS.pdf  used on input line 680.
(pdftex.def)             Requested size: 361.34912pt x 237.88815pt.
File: Images/ensai_logo_1.png Graphic file (type png)
<use Images/ensai_logo_1.png>
Package pdftex.def Info: Images/ensai_logo_1.png  used on input line 689.
(pdftex.def)             Requested size: 56.9055pt x 31.85806pt.

Package fancyhdr Warning: \headheight is too small (12.0pt): 
(fancyhdr)                Make it at least 31.85806pt, for example:
(fancyhdr)                \setlength{\headheight}{31.85806pt}.
(fancyhdr)                You might also make \topmargin smaller:
(fancyhdr)                \addtolength{\topmargin}{-19.85806pt}.

[12 <./images_rapports/figure9_boxplot_REE_ESCS.pdf>]
<images_rapports/figure11_correlation_REE_statut.pdf, id=150, 433.62pt x 289.08pt>
File: images_rapports/figure11_correlation_REE_statut.pdf Graphic file (type pdf)
<use images_rapports/figure11_correlation_REE_statut.pdf>
Package pdftex.def Info: images_rapports/figure11_correlation_REE_statut.pdf  used on input line 717.
(pdftex.def)             Requested size: 433.61894pt x 289.07928pt.
File: Images/ensai_logo_1.png Graphic file (type png)
<use Images/ensai_logo_1.png>
Package pdftex.def Info: Images/ensai_logo_1.png  used on input line 725.
(pdftex.def)             Requested size: 56.9055pt x 31.85806pt.

Package fancyhdr Warning: \headheight is too small (12.0pt): 
(fancyhdr)                Make it at least 31.85806pt, for example:
(fancyhdr)                \setlength{\headheight}{31.85806pt}.
(fancyhdr)                You might also make \topmargin smaller:
(fancyhdr)                \addtolength{\topmargin}{-19.85806pt}.

[13 <./images_rapports/figure10_boxplot_REE_maths_ESCS.pdf>]
LaTeX Font Info:    External font `lmex10' loaded for size
(Font)              <10.95> on input line 767.
<images_rapports/figure_annexe_ACP.pdf, id=166, 397.485pt x 252.945pt>
File: images_rapports/figure_annexe_ACP.pdf Graphic file (type pdf)
<use images_rapports/figure_annexe_ACP.pdf>
Package pdftex.def Info: images_rapports/figure_annexe_ACP.pdf  used on input line 774.
(pdftex.def)             Requested size: 397.48402pt x 252.94438pt.
File: Images/ensai_logo_1.png Graphic file (type png)
<use Images/ensai_logo_1.png>
Package pdftex.def Info: Images/ensai_logo_1.png  used on input line 792.
(pdftex.def)             Requested size: 56.9055pt x 31.85806pt.

Package fancyhdr Warning: \headheight is too small (12.0pt): 
(fancyhdr)                Make it at least 31.85806pt, for example:
(fancyhdr)                \setlength{\headheight}{31.85806pt}.
(fancyhdr)                You might also make \topmargin smaller:
(fancyhdr)                \addtolength{\topmargin}{-19.85806pt}.

[14 <./images_rapports/figure11_correlation_REE_statut.pdf>]
File: Images/ensai_logo_1.png Graphic file (type png)
<use Images/ensai_logo_1.png>
Package pdftex.def Info: Images/ensai_logo_1.png  used on input line 832.
(pdftex.def)             Requested size: 56.9055pt x 31.85806pt.

Package fancyhdr Warning: \headheight is too small (12.0pt): 
(fancyhdr)                Make it at least 31.85806pt, for example:
(fancyhdr)                \setlength{\headheight}{31.85806pt}.
(fancyhdr)                You might also make \topmargin smaller:
(fancyhdr)                \addtolength{\topmargin}{-19.85806pt}.

[15 <./images_rapports/figure_annexe_ACP.pdf>]
<images_rapports/figure12_correlation_REE_qualite.pdf, id=199, 433.62pt x 289.08pt>
File: images_rapports/figure12_correlation_REE_qualite.pdf Graphic file (type pdf)
<use images_rapports/figure12_correlation_REE_qualite.pdf>
Package pdftex.def Info: images_rapports/figure12_correlation_REE_qualite.pdf  used on input line 835.
(pdftex.def)             Requested size: 433.61894pt x 289.07928pt.
<images_rapports/figure13_kmeans.pdf, id=200, 433.62pt x 289.08pt>
File: images_rapports/figure13_kmeans.pdf Graphic file (type pdf)
<use images_rapports/figure13_kmeans.pdf>
Package pdftex.def Info: images_rapports/figure13_kmeans.pdf  used on input line 858.
(pdftex.def)             Requested size: 433.61894pt x 289.07928pt.
File: Images/ensai_logo_1.png Graphic file (type png)
<use Images/ensai_logo_1.png>
Package pdftex.def Info: Images/ensai_logo_1.png  used on input line 865.
(pdftex.def)             Requested size: 56.9055pt x 31.85806pt.

Package fancyhdr Warning: \headheight is too small (12.0pt): 
(fancyhdr)                Make it at least 31.85806pt, for example:
(fancyhdr)                \setlength{\headheight}{31.85806pt}.
(fancyhdr)                You might also make \topmargin smaller:
(fancyhdr)                \addtolength{\topmargin}{-19.85806pt}.

[16 <./images_rapports/figure12_correlation_REE_qualite.pdf>]
File: Images/ensai_logo_1.png Graphic file (type png)
<use Images/ensai_logo_1.png>
Package pdftex.def Info: Images/ensai_logo_1.png  used on input line 942.
(pdftex.def)             Requested size: 56.9055pt x 31.85806pt.

Package fancyhdr Warning: \headheight is too small (12.0pt): 
(fancyhdr)                Make it at least 31.85806pt, for example:
(fancyhdr)                \setlength{\headheight}{31.85806pt}.
(fancyhdr)                You might also make \topmargin smaller:
(fancyhdr)                \addtolength{\topmargin}{-19.85806pt}.

[17{/home/onyxia/.TinyTeX/texmf-dist/fonts/enc/dvips/lm/lm-rm.enc}{/home/onyxia/.TinyTeX/texmf-dist/fonts/enc/dvips/lm/lm-mathit.enc}{/home/onyxia/.TinyTeX/texmf-dist/fonts/enc/dvips/lm/lm-mathsy.enc} <./images_rapports/figure13_kmeans.pdf>]
<images_rapports/figure14_carte_kmeans_monde.pdf, id=233, 433.62pt x 289.08pt>
File: images_rapports/figure14_carte_kmeans_monde.pdf Graphic file (type pdf)
<use images_rapports/figure14_carte_kmeans_monde.pdf>
Package pdftex.def Info: images_rapports/figure14_carte_kmeans_monde.pdf  used on input line 949.
(pdftex.def)             Requested size: 433.61894pt x 289.07928pt.
File: Images/ensai_logo_1.png Graphic file (type png)
<use Images/ensai_logo_1.png>
Package pdftex.def Info: Images/ensai_logo_1.png  used on input line 974.
(pdftex.def)             Requested size: 56.9055pt x 31.85806pt.

Package fancyhdr Warning: \headheight is too small (12.0pt): 
(fancyhdr)                Make it at least 31.85806pt, for example:
(fancyhdr)                \setlength{\headheight}{31.85806pt}.
(fancyhdr)                You might also make \topmargin smaller:
(fancyhdr)                \addtolength{\topmargin}{-19.85806pt}.

[18 <./images_rapports/figure14_carte_kmeans_monde.pdf>]
<images_rapports/figure15_Matrice_de_correlation_bien_etre_REE.pdf, id=246, 397.485pt x 252.945pt>
File: images_rapports/figure15_Matrice_de_correlation_bien_etre_REE.pdf Graphic file (type pdf)
<use images_rapports/figure15_Matrice_de_correlation_bien_etre_REE.pdf>
Package pdftex.def Info: images_rapports/figure15_Matrice_de_correlation_bien_etre_REE.pdf  used on input line 1017.
(pdftex.def)             Requested size: 397.48402pt x 252.94438pt.
File: Images/ensai_logo_1.png Graphic file (type png)
<use Images/ensai_logo_1.png>
Package pdftex.def Info: Images/ensai_logo_1.png  used on input line 1025.
(pdftex.def)             Requested size: 56.9055pt x 31.85806pt.

Package fancyhdr Warning: \headheight is too small (12.0pt): 
(fancyhdr)                Make it at least 31.85806pt, for example:
(fancyhdr)                \setlength{\headheight}{31.85806pt}.
(fancyhdr)                You might also make \topmargin smaller:
(fancyhdr)                \addtolength{\topmargin}{-19.85806pt}.

[19

]
File: Images/ensai_logo_1.png Graphic file (type png)
<use Images/ensai_logo_1.png>
Package pdftex.def Info: Images/ensai_logo_1.png  used on input line 1078.
(pdftex.def)             Requested size: 56.9055pt x 31.85806pt.

Package fancyhdr Warning: \headheight is too small (12.0pt): 
(fancyhdr)                Make it at least 31.85806pt, for example:
(fancyhdr)                \setlength{\headheight}{31.85806pt}.
(fancyhdr)                You might also make \topmargin smaller:
(fancyhdr)                \addtolength{\topmargin}{-19.85806pt}.

[20 <./images_rapports/figure15_Matrice_de_correlation_bien_etre_REE.pdf>]
<images_rapports/figure16_Nuage_de_points_OCDE.pdf, id=265, 433.62pt x 289.08pt>
File: images_rapports/figure16_Nuage_de_points_OCDE.pdf Graphic file (type pdf)
<use images_rapports/figure16_Nuage_de_points_OCDE.pdf>
Package pdftex.def Info: images_rapports/figure16_Nuage_de_points_OCDE.pdf  used on input line 1103.
(pdftex.def)             Requested size: 433.61894pt x 289.07928pt.
File: Images/ensai_logo_1.png Graphic file (type png)
<use Images/ensai_logo_1.png>
Package pdftex.def Info: Images/ensai_logo_1.png  used on input line 1147.
(pdftex.def)             Requested size: 56.9055pt x 31.85806pt.

Package fancyhdr Warning: \headheight is too small (12.0pt): 
(fancyhdr)                Make it at least 31.85806pt, for example:
(fancyhdr)                \setlength{\headheight}{31.85806pt}.
(fancyhdr)                You might also make \topmargin smaller:
(fancyhdr)                \addtolength{\topmargin}{-19.85806pt}.

[21 <./images_rapports/figure16_Nuage_de_points_OCDE.pdf>]
<images_rapports/figure17_Nuage_de_points_developpement.pdf, id=282, 433.62pt x 289.08pt>
File: images_rapports/figure17_Nuage_de_points_developpement.pdf Graphic file (type pdf)
<use images_rapports/figure17_Nuage_de_points_developpement.pdf>
Package pdftex.def Info: images_rapports/figure17_Nuage_de_points_developpement.pdf  used on input line 1168.
(pdftex.def)             Requested size: 433.61894pt x 289.07928pt.
File: Images/ensai_logo_1.png Graphic file (type png)
<use Images/ensai_logo_1.png>
Package pdftex.def Info: Images/ensai_logo_1.png  used on input line 1182.
(pdftex.def)             Requested size: 56.9055pt x 31.85806pt.

Package fancyhdr Warning: \headheight is too small (12.0pt): 
(fancyhdr)                Make it at least 31.85806pt, for example:
(fancyhdr)                \setlength{\headheight}{31.85806pt}.
(fancyhdr)                You might also make \topmargin smaller:
(fancyhdr)                \addtolength{\topmargin}{-19.85806pt}.

[22 <./images_rapports/figure17_Nuage_de_points_developpement.pdf>]
File: Images/ensai_logo_1.png Graphic file (type png)
<use Images/ensai_logo_1.png>
Package pdftex.def Info: Images/ensai_logo_1.png  used on input line 1268.
(pdftex.def)             Requested size: 56.9055pt x 31.85806pt.

Package fancyhdr Warning: \headheight is too small (12.0pt): 
(fancyhdr)                Make it at least 31.85806pt, for example:
(fancyhdr)                \setlength{\headheight}{31.85806pt}.
(fancyhdr)                You might also make \topmargin smaller:
(fancyhdr)                \addtolength{\topmargin}{-19.85806pt}.

[23]
<images_rapports/figure18_Graph_barre_sexe.pdf, id=305, 361.35pt x 252.945pt>
File: images_rapports/figure18_Graph_barre_sexe.pdf Graphic file (type pdf)
<use images_rapports/figure18_Graph_barre_sexe.pdf>
Package pdftex.def Info: images_rapports/figure18_Graph_barre_sexe.pdf  used on input line 1282.
(pdftex.def)             Requested size: 361.34912pt x 252.94438pt.
<images_rapports/figure19_nuage_points_sexe.pdf, id=306, 505.89pt x 361.35pt>
File: images_rapports/figure19_nuage_points_sexe.pdf Graphic file (type pdf)
<use images_rapports/figure19_nuage_points_sexe.pdf>
Package pdftex.def Info: images_rapports/figure19_nuage_points_sexe.pdf  used on input line 1314.
(pdftex.def)             Requested size: 505.88875pt x 361.34912pt.
File: Images/ensai_logo_1.png Graphic file (type png)
<use Images/ensai_logo_1.png>
Package pdftex.def Info: Images/ensai_logo_1.png  used on input line 1323.
(pdftex.def)             Requested size: 56.9055pt x 31.85806pt.

Package fancyhdr Warning: \headheight is too small (12.0pt): 
(fancyhdr)                Make it at least 31.85806pt, for example:
(fancyhdr)                \setlength{\headheight}{31.85806pt}.
(fancyhdr)                You might also make \topmargin smaller:
(fancyhdr)                \addtolength{\topmargin}{-19.85806pt}.

[24 <./images_rapports/figure18_graph_barre_sexe.pdf>]
File: Images/ensai_logo_1.png Graphic file (type png)
<use Images/ensai_logo_1.png>
Package pdftex.def Info: Images/ensai_logo_1.png  used on input line 1361.
(pdftex.def)             Requested size: 56.9055pt x 31.85806pt.

Package fancyhdr Warning: \headheight is too small (12.0pt): 
(fancyhdr)                Make it at least 31.85806pt, for example:
(fancyhdr)                \setlength{\headheight}{31.85806pt}.
(fancyhdr)                You might also make \topmargin smaller:
(fancyhdr)                \addtolength{\topmargin}{-19.85806pt}.

[25 <./images_rapports/figure19_nuage_points_sexe.pdf>]

LaTeX Warning: File `images_rapports/figure20_nuage_points_ESCS.pdf' not found on input line 1417.


! Package pdftex.def Error: File `images_rapports/figure20_nuage_points_ESCS.pdf' not found: using draft setting.

See the pdftex.def package documentation for explanation.
Type  H <return>  for immediate help.
 ...                                              
                                                  
l.1417 ...apports/figure20_nuage_points_ESCS.pdf}}
                                                  
Try typing  <return>  to proceed.
If that doesn't work, type  X <return>  to quit.

 
Here is how much of TeX's memory you used:
 34700 strings out of 469454
 691214 string characters out of 5467928
 1142466 words of memory out of 5000000
 62607 multiletter control sequences out of 15000+600000
 689301 words of font info for 168 fonts, out of 8000000 for 9000
 36 hyphenation exceptions out of 8191
 98i,17n,108p,1004b,1029s stack positions out of 10000i,1000n,20000p,200000b,200000s
!  ==> Fatal error occurred, no output PDF file produced!
